[debug] [2026-06-20T22:48:26.599Z] ----------------------------------------------------------------------
[debug] [2026-06-20T22:48:26.611Z] Command:       C:\Program Files\nodejs\node.exe C:\Users\chris\AppData\Local\npm-cache\_npx\ba4f1959e38407b5\node_modules\firebase-tools\lib\bin\firebase.js apps:sdkconfig WEB --project thehammer
[debug] [2026-06-20T22:48:26.612Z] CLI Version:   15.22.0
[debug] [2026-06-20T22:48:26.613Z] Platform:      win32
[debug] [2026-06-20T22:48:26.613Z] Node Version:  v24.17.0
[debug] [2026-06-20T22:48:26.613Z] Detected Agent: antigravity
[debug] [2026-06-20T22:48:26.614Z] Time:          Sat Jun 20 2026 18:48:26 GMT-0400 (Eastern Daylight Time)
[debug] [2026-06-20T22:48:26.614Z] ----------------------------------------------------------------------
[debug] 
[debug] [2026-06-20T22:48:26.621Z] >>> [apiv2][query] GET https://firebase-public.firebaseio.com/cli.json [none]
[debug] [2026-06-20T22:48:29.040Z] > command requires scopes: ["email","openid","https://www.googleapis.com/auth/cloudplatformprojects.readonly","https://www.googleapis.com/auth/firebase","https://www.googleapis.com/auth/cloud-platform"]
[debug] [2026-06-20T22:48:29.208Z] Error: Could not load the default credentials. Browse to https://cloud.google.com/docs/authentication/getting-started for more information.
    at GoogleAuth.getApplicationDefaultAsync (C:\Users\chris\AppData\Local\npm-cache\_npx\ba4f1959e38407b5\node_modules\google-auth-library\build\src\auth\googleauth.js:287:15)
    at process.processTicksAndRejections (node:internal/process/task_queues:104:5)
    at async GoogleAuth._GoogleAuth_determineClient (C:\Users\chris\AppData\Local\npm-cache\_npx\ba4f1959e38407b5\node_modules\google-auth-library\build\src\auth\googleauth.js:834:32)
    at async GoogleAuth.getClient (C:\Users\chris\AppData\Local\npm-cache\_npx\ba4f1959e38407b5\node_modules\google-auth-library\build\src\auth\googleauth.js:698:20)
    at async GoogleAuth.getAccessToken (C:\Users\chris\AppData\Local\npm-cache\_npx\ba4f1959e38407b5\node_modules\google-auth-library\build\src\auth\googleauth.js:722:24)
    at async autoAuth (C:\Users\chris\AppData\Local\npm-cache\_npx\ba4f1959e38407b5\node_modules\firebase-tools\lib\requireAuth.js:28:19)
    at async Object.requireAuth [as fn] (C:\Users\chris\AppData\Local\npm-cache\_npx\ba4f1959e38407b5\node_modules\firebase-tools\lib\requireAuth.js:90:20)
    at async C:\Users\chris\AppData\Local\npm-cache\_npx\ba4f1959e38407b5\node_modules\firebase-tools\lib\command.js:278:17
[error] 
[error] Error: Failed to authenticate, have you run firebase login?
[debug] [2026-06-20T22:48:29.364Z] <<< [apiv2][status] GET https://firebase-public.firebaseio.com/cli.json 200
[debug] [2026-06-20T22:48:29.365Z] <<< [apiv2][body] GET https://firebase-public.firebaseio.com/cli.json {"cloudBuildErrorAfter":1594252800000,"cloudBuildWarnAfter":1590019200000,"defaultNode10After":1594252800000,"minVersion":"3.0.5","node8DeploysDisabledAfter":1613390400000,"node8RuntimeDisabledAfter":1615809600000,"node8WarnAfter":1600128000000}
[debug] [2026-06-20T22:48:29.485Z] Error: EBUSY: resource busy or locked, unlink 'C:\Users\chris\Desktop\theHammer\firebase-debug.log'
    at Object.unlinkSync (node:fs:1940:11)
    at process.<anonymous> (C:\Users\chris\AppData\Local\npm-cache\_npx\ba4f1959e38407b5\node_modules\firebase-tools\lib\bin\cli.js:69:16)
    at process.emit (node:events:509:28)
    at process.exit (node:internal/process/per_thread:236:15)
    at Timeout._onTimeout (C:\Users\chris\AppData\Local\npm-cache\_npx\ba4f1959e38407b5\node_modules\firebase-tools\lib\errorOut.js:20:17)
    at listOnTimeout (node:internal/timers:605:17)
    at process.processTimers (node:internal/timers:541:7)
[error] 
[error] Error: An unexpected error has occurred.
